The blood makes us human, makes us more than human, makes us human no more.
Praise the sun!
