I'm here to see Joseph Clarence
Never heard of him..
Mr. Swing King
Oh, sorry ass dickhead... What the fuck they call you?
Names are for friends...so I don't need one.
They Played Us Like A Damn Fiddle!
[STATE=enraged] Give it back that was ours!
